\BOOKMARK [1][-]{section.0.1}{\376\377\000G\000l\000o\000s\000a\000r\000i\000o\000\040\000y\000\040\000C\000o\000n\000c\000e\000p\000t\000o\000s\000\040\000T\000\351\000c\000n\000i\000c\000o\000s\000\040\000d\000e\000l\000\040\000S\000i\000s\000t\000e\000m\000a}{}% 1
\BOOKMARK [0][-]{chapter.1}{\376\377\000I\000n\000t\000r\000o\000d\000u\000c\000c\000i\000\363\000n}{}% 2
\BOOKMARK [1][-]{section.1.1}{\376\377\000P\000r\000e\000s\000e\000n\000t\000a\000c\000i\000\363\000n\000\040\000d\000e\000l\000\040\000p\000r\000o\000y\000e\000c\000t\000o}{chapter.1}% 3
\BOOKMARK [1][-]{section.1.2}{\376\377\000P\000l\000a\000n\000t\000e\000a\000m\000i\000e\000n\000t\000o\000\040\000d\000e\000l\000\040\000p\000r\000o\000b\000l\000e\000m\000a}{chapter.1}% 4
\BOOKMARK [2][-]{subsection.1.2.1}{\376\377\000L\000a\000\040\000i\000n\000v\000i\000a\000b\000i\000l\000i\000d\000a\000d\000\040\000d\000e\000l\000\040\000m\000o\000n\000i\000t\000o\000r\000e\000o\000\040\000m\000a\000n\000u\000a\000l}{section.1.2}% 5
\BOOKMARK [1][-]{section.1.3}{\376\377\000O\000b\000j\000e\000t\000i\000v\000o\000s\000\040\000d\000e\000l\000\040\000P\000r\000o\000y\000e\000c\000t\000o}{chapter.1}% 6
\BOOKMARK [2][-]{subsection.1.3.1}{\376\377\000O\000b\000j\000e\000t\000i\000v\000o\000\040\000G\000e\000n\000e\000r\000a\000l}{section.1.3}% 7
\BOOKMARK [2][-]{subsection.1.3.2}{\376\377\000O\000b\000j\000e\000t\000i\000v\000o\000s\000\040\000E\000s\000p\000e\000c\000\355\000f\000i\000c\000o\000s}{section.1.3}% 8
\BOOKMARK [0][-]{chapter.2}{\376\377\000J\000u\000s\000t\000i\000f\000i\000c\000a\000c\000i\000\363\000n\000\040\000y\000\040\000A\000l\000c\000a\000n\000c\000e\000\040\000d\000e\000l\000\040\000P\000r\000o\000y\000e\000c\000t\000o}{}% 9
\BOOKMARK [1][-]{section.2.1}{\376\377\000J\000u\000s\000t\000i\000f\000i\000c\000a\000c\000i\000\363\000n\000\040\000S\000o\000c\000i\000a\000l}{chapter.2}% 10
\BOOKMARK [1][-]{section.2.2}{\376\377\000J\000u\000s\000t\000i\000f\000i\000c\000a\000c\000i\000\363\000n\000\040\000T\000e\000c\000n\000o\000l\000\363\000g\000i\000c\000a}{chapter.2}% 11
\BOOKMARK [1][-]{section.2.3}{\376\377\000J\000u\000s\000t\000i\000f\000i\000c\000a\000c\000i\000\363\000n\000\040\000\351\000t\000i\000c\000a\000\040\000y\000\040\000m\000o\000r\000a\000l\000:\000\040\000P\000r\000o\000t\000e\000c\000c\000i\000\363\000n\000\040\000d\000e\000\040\000l\000a\000\040\000p\000r\000i\000v\000a\000c\000i\000d\000a\000d\000\040\000d\000e\000\040\000l\000o\000s\000\040\000N\000N\000A}{chapter.2}% 12
\BOOKMARK [2][-]{subsection.2.3.1}{\376\377\000E\000l\000\040\000i\000n\000t\000e\000r\000\351\000s\000\040\000s\000u\000p\000e\000r\000i\000o\000r\000\040\000d\000e\000l\000\040\000n\000i\000\361\000o}{section.2.3}% 13
\BOOKMARK [2][-]{subsection.2.3.2}{\376\377\000N\000a\000t\000u\000r\000a\000l\000e\000z\000a\000\040\000d\000e\000\040\000l\000a\000\040\000i\000n\000f\000o\000r\000m\000a\000c\000i\000\363\000n\000\040\000p\000r\000o\000c\000e\000s\000a\000d\000a}{section.2.3}% 14
\BOOKMARK [2][-]{subsection.2.3.3}{\376\377\000\277\000P\000o\000r\000\040\000q\000u\000\351\000\040\000e\000l\000\040\000s\000i\000s\000t\000e\000m\000a\000\040\000n\000o\000\040\000p\000r\000o\000p\000o\000r\000c\000i\000o\000n\000a\000\040\000n\000o\000m\000b\000r\000e\000s\000\040\000d\000e\000\040\000N\000N\000A\000?}{section.2.3}% 15
\BOOKMARK [2][-]{subsection.2.3.4}{\376\377\000F\000o\000r\000t\000a\000l\000e\000z\000a\000\040\000\351\000t\000i\000c\000a\000\040\000d\000e\000l\000\040\000e\000n\000f\000o\000q\000u\000e\000\040\000a\000d\000o\000p\000t\000a\000d\000o}{section.2.3}% 16
\BOOKMARK [2][-]{subsection.2.3.5}{\376\377\000C\000o\000m\000p\000r\000o\000m\000i\000s\000o\000\040\000d\000e\000\040\000p\000r\000i\000v\000a\000c\000i\000d\000a\000d}{section.2.3}% 17
\BOOKMARK [1][-]{section.2.4}{\376\377\000A\000l\000c\000a\000n\000c\000e\000\040\000d\000e\000l\000\040\000S\000i\000s\000t\000e\000m\000a}{chapter.2}% 18
\BOOKMARK [2][-]{subsection.2.4.1}{\376\377\000A\000l\000c\000a\000n\000c\000e\000\040\000f\000u\000n\000c\000i\000o\000n\000a\000l}{section.2.4}% 19
\BOOKMARK [2][-]{subsection.2.4.2}{\376\377\000A\000l\000c\000a\000n\000c\000e\000\040\000g\000e\000o\000g\000r\000\341\000f\000i\000c\000o\000\040\000y\000\040\000t\000e\000m\000p\000o\000r\000a\000l}{section.2.4}% 20
\BOOKMARK [1][-]{section.2.5}{\376\377\000L\000i\000m\000i\000t\000a\000c\000i\000o\000n\000e\000s\000\040\000y\000\040\000e\000x\000c\000l\000u\000s\000i\000o\000n\000e\000s}{chapter.2}% 21
\BOOKMARK [2][-]{subsection.2.5.1}{\376\377\000E\000x\000c\000l\000u\000s\000i\000o\000n\000e\000s\000\040\000e\000x\000p\000l\000\355\000c\000i\000t\000a\000s\000\040\000d\000e\000l\000\040\000a\000l\000c\000a\000n\000c\000e}{section.2.5}% 22
\BOOKMARK [2][-]{subsection.2.5.2}{\376\377\000L\000i\000m\000i\000t\000a\000c\000i\000o\000n\000e\000s\000\040\000t\000\351\000c\000n\000i\000c\000a\000s}{section.2.5}% 23
\BOOKMARK [1][-]{section.2.6}{\376\377\000A\000l\000i\000n\000e\000a\000c\000i\000\363\000n\000\040\000c\000o\000n\000\040\000e\000l\000\040\000p\000r\000o\000t\000o\000c\000o\000l\000o}{chapter.2}% 24
\BOOKMARK [0][-]{chapter.3}{\376\377\000M\000a\000r\000c\000o\000\040\000T\000e\000\363\000r\000i\000c\000o}{}% 25
\BOOKMARK [1][-]{section.3.1}{\376\377\000P\000r\000o\000c\000e\000s\000a\000m\000i\000e\000n\000t\000o\000\040\000d\000e\000\040\000l\000e\000n\000g\000u\000a\000j\000e\000\040\000n\000a\000t\000u\000r\000a\000l\000\040\000y\000\040\000r\000e\000p\000r\000e\000s\000e\000n\000t\000a\000c\000i\000\363\000n\000\040\000l\000i\000n\000g\000\374\000\355\000s\000t\000i\000c\000a}{chapter.3}% 26
\BOOKMARK [2][-]{subsection.3.1.1}{\376\377\000T\000o\000k\000e\000n\000i\000z\000a\000c\000i\000\363\000n\000\040\000y\000\040\000e\000l\000\040\000a\000l\000g\000o\000r\000i\000t\000m\000o\000\040\000W\000o\000r\000d\000P\000i\000e\000c\000e}{section.3.1}% 27
\BOOKMARK [2][-]{subsection.3.1.2}{\376\377\000L\000e\000m\000a\000t\000i\000z\000a\000c\000i\000\363\000n\000\040\000y\000\040\000n\000o\000r\000m\000a\000l\000i\000z\000a\000c\000i\000\363\000n\000\040\000l\000e\000x\000i\000c\000o\000l\000\363\000g\000i\000c\000a}{section.3.1}% 28
\BOOKMARK [2][-]{subsection.3.1.3}{\376\377\000M\000o\000d\000e\000l\000o\000\040\000d\000e\000\040\000e\000s\000p\000a\000c\000i\000o\000\040\000v\000e\000c\000t\000o\000r\000i\000a\000l\000:\000\040\000T\000F\000-\000I\000D\000F}{section.3.1}% 29
\BOOKMARK [2][-]{subsection.3.1.4}{\376\377\000A\000r\000q\000u\000i\000t\000e\000c\000t\000u\000r\000a\000\040\000T\000r\000a\000n\000s\000f\000o\000r\000m\000e\000r\000\040\000y\000\040\000m\000e\000c\000a\000n\000i\000s\000m\000o\000\040\000d\000e\000\040\000a\000u\000t\000o\000-\000a\000t\000e\000n\000c\000i\000\363\000n}{section.3.1}% 30
\BOOKMARK [2][-]{subsection.3.1.5}{\376\377\000B\000E\000T\000O\000:\000\040\000r\000e\000p\000r\000e\000s\000e\000n\000t\000a\000c\000i\000o\000n\000e\000s\000\040\000b\000i\000d\000i\000r\000e\000c\000c\000i\000o\000n\000a\000l\000e\000s\000\040\000p\000a\000r\000a\000\040\000e\000l\000\040\000e\000s\000p\000a\000\361\000o\000l}{section.3.1}% 31
\BOOKMARK [1][-]{section.3.2}{\376\377\000P\000a\000r\000a\000d\000i\000g\000m\000a\000s\000\040\000d\000e\000\040\000i\000n\000f\000e\000r\000e\000n\000c\000i\000a\000\040\000y\000\040\000c\000l\000a\000s\000i\000f\000i\000c\000a\000c\000i\000\363\000n\000\040\000s\000e\000m\000\341\000n\000t\000i\000c\000a}{chapter.3}% 32
\BOOKMARK [2][-]{subsection.3.2.1}{\376\377\000C\000l\000a\000s\000i\000f\000i\000c\000a\000c\000i\000\363\000n\000\040\000z\000e\000r\000o\000-\000s\000h\000o\000t\000\040\000p\000o\000r\000\040\000s\000i\000m\000i\000l\000i\000t\000u\000d\000\040\000c\000o\000s\000e\000n\000o}{section.3.2}% 33
\BOOKMARK [1][-]{section.3.3}{\376\377\000A\000g\000r\000u\000p\000a\000m\000i\000e\000n\000t\000o\000\040\000s\000e\000m\000\341\000n\000t\000i\000c\000o\000\040\000y\000\040\000r\000e\000d\000u\000c\000c\000i\000\363\000n\000\040\000d\000e\000\040\000d\000i\000m\000e\000n\000s\000i\000o\000n\000a\000l\000i\000d\000a\000d}{chapter.3}% 34
\BOOKMARK [2][-]{subsection.3.3.1}{\376\377\000U\000M\000A\000P\000:\000\040\000P\000r\000o\000y\000e\000c\000c\000i\000\363\000n\000\040\000T\000o\000p\000o\000l\000\363\000g\000i\000c\000a\000\040\000P\000r\000e\000s\000e\000r\000v\000a\000d\000o\000r\000a\000\040\000d\000e\000\040\000E\000s\000t\000r\000u\000c\000t\000u\000r\000a}{section.3.3}% 35
\BOOKMARK [2][-]{subsection.3.3.2}{\376\377\000H\000D\000B\000S\000C\000A\000N\000:\000\040\000A\000g\000r\000u\000p\000a\000m\000i\000e\000n\000t\000o\000\040\000J\000e\000r\000\341\000r\000q\000u\000i\000c\000o\000\040\000p\000o\000r\000\040\000D\000e\000n\000s\000i\000d\000a\000d\000\040\000V\000a\000r\000i\000a\000b\000l\000e}{section.3.3}% 36
\BOOKMARK [2][-]{subsection.3.3.3}{\376\377\000c\000-\000T\000F\000-\000I\000D\000F\000:\000\040\000R\000e\000l\000e\000v\000a\000n\000c\000i\000a\000\040\000d\000e\000\040\000T\000\351\000r\000m\000i\000n\000o\000s\000\040\000p\000o\000r\000\040\000C\000l\000\372\000s\000t\000e\000r}{section.3.3}% 37
\BOOKMARK [1][-]{section.3.4}{\376\377\000T\000\351\000c\000n\000i\000c\000a\000s\000\040\000d\000e\000\040\000D\000e\000d\000u\000p\000l\000i\000c\000a\000c\000i\000\363\000n\000\040\000C\000r\000o\000s\000s\000-\000S\000i\000t\000e}{chapter.3}% 38
\BOOKMARK [2][-]{subsection.3.4.1}{\376\377\000H\000a\000s\000h\000\040\000E\000x\000a\000c\000t\000o\000\040\000M\000D\0005}{section.3.4}% 39
\BOOKMARK [2][-]{subsection.3.4.2}{\376\377\000S\000i\000m\000i\000l\000i\000t\000u\000d\000\040\000d\000e\000\040\000J\000a\000c\000c\000a\000r\000d\000\040\000s\000o\000b\000r\000e\000\040\000C\000o\000n\000j\000u\000n\000t\000o\000s\000\040\000d\000e\000\040\000T\000o\000k\000e\000n\000s}{section.3.4}% 40
\BOOKMARK [2][-]{subsection.3.4.3}{\376\377\000S\000i\000m\000H\000a\000s\000h\000:\000\040\000H\000u\000e\000l\000l\000a\000s\000\040\000D\000i\000g\000i\000t\000a\000l\000e\000s\000\040\000L\000o\000c\000a\000l\000m\000e\000n\000t\000e\000\040\000S\000e\000n\000s\000i\000b\000l\000e\000s}{section.3.4}% 41
\BOOKMARK [2][-]{subsection.3.4.4}{\376\377\000S\000i\000m\000i\000l\000i\000t\000u\000d\000\040\000C\000o\000s\000e\000n\000o\000\040\000s\000o\000b\000r\000e\000\040\000V\000e\000c\000t\000o\000r\000e\000s\000\040\000T\000F\000-\000I\000D\000F}{section.3.4}% 42
\BOOKMARK [1][-]{section.3.5}{\376\377\000T\000e\000c\000n\000o\000l\000o\000g\000\355\000a\000s\000\040\000d\000e\000\040\000E\000x\000t\000r\000a\000c\000c\000i\000\363\000n\000\040\000d\000e\000\040\000D\000a\000t\000o\000s\000\040\000y\000\040\000P\000e\000r\000s\000i\000s\000t\000e\000n\000c\000i\000a}{chapter.3}% 43
\BOOKMARK [2][-]{subsection.3.5.1}{\376\377\000P\000r\000o\000t\000o\000c\000o\000l\000o\000s\000\040\000d\000e\000\040\000S\000i\000n\000d\000i\000c\000a\000c\000i\000\363\000n\000:\000\040\000R\000S\000S\000\040\000y\000\040\000A\000t\000o\000m}{section.3.5}% 44
\BOOKMARK [2][-]{subsection.3.5.2}{\376\377\000E\000v\000a\000s\000i\000\363\000n\000\040\000d\000e\000\040\000W\000A\000F\000:\000\040\000S\000t\000e\000a\000l\000t\000h\000S\000e\000s\000s\000i\000o\000n\000\040\000y\000\040\000T\000L\000S\000/\000J\000A\0003\000\040\000F\000i\000n\000g\000e\000r\000p\000r\000i\000n\000t\000i\000n\000g}{section.3.5}% 45
\BOOKMARK [2][-]{subsection.3.5.3}{\376\377\000P\000r\000o\000p\000i\000e\000d\000a\000d\000e\000s\000\040\000A\000C\000I\000D\000\040\000d\000e\000\040\000p\000o\000s\000t\000g\000r\000e\000s\000q\000l}{section.3.5}% 46
\BOOKMARK [2][-]{subsection.3.5.4}{\376\377\000\315\000n\000d\000i\000c\000e\000s\000\040\000G\000I\000N\000\040\000y\000\040\000F\000u\000l\000l\000-\000T\000e\000x\000t\000\040\000S\000e\000a\000r\000c\000h\000\040\000e\000n\000\040\000E\000s\000p\000a\000\361\000o\000l}{section.3.5}% 47
\BOOKMARK [1][-]{section.3.6}{\376\377\000S\000i\000s\000t\000e\000m\000a\000s\000\040\000N\000e\000u\000r\000o\000-\000S\000i\000m\000b\000\363\000l\000i\000c\000o\000s\000:\000\040\000F\000u\000n\000d\000a\000m\000e\000n\000t\000o\000s\000\040\000T\000e\000\363\000r\000i\000c\000o\000s}{chapter.3}% 48
\BOOKMARK [0][-]{chapter.4}{\376\377\000E\000s\000t\000a\000d\000o\000\040\000d\000e\000l\000\040\000A\000r\000t\000e}{}% 49
\BOOKMARK [1][-]{section.4.1}{\376\377\000S\000i\000s\000t\000e\000m\000a\000s\000\040\000d\000e\000\040\000m\000o\000n\000i\000t\000o\000r\000e\000o\000\040\000d\000e\000\040\000m\000e\000d\000i\000o\000s\000\040\000t\000r\000a\000d\000i\000c\000i\000o\000n\000a\000l\000e\000s}{chapter.4}% 50
\BOOKMARK [1][-]{section.4.2}{\376\377\000N\000L\000P\000\040\000A\000p\000l\000i\000c\000a\000d\000o\000\040\000a\000\040\000l\000a\000\040\000D\000e\000t\000e\000c\000c\000i\000\363\000n\000\040\000d\000e\000\040\000V\000i\000o\000l\000e\000n\000c\000i\000a\000\040\000d\000e\000\040\000G\000\351\000n\000e\000r\000o}{chapter.4}% 51
\BOOKMARK [1][-]{section.4.3}{\376\377\000H\000e\000r\000r\000a\000m\000i\000e\000n\000t\000a\000s\000\040\000y\000\040\000E\000s\000f\000u\000e\000r\000z\000o\000s\000\040\000E\000x\000i\000s\000t\000e\000n\000t\000e\000s\000\040\000e\000n\000\040\000M\000\351\000x\000i\000c\000o}{chapter.4}% 52
\BOOKMARK [2][-]{subsection.4.3.1}{\376\377\000R\000e\000d\000\040\000p\000o\000r\000\040\000l\000o\000s\000\040\000D\000e\000r\000e\000c\000h\000o\000s\000\040\000d\000e\000\040\000l\000a\000\040\000I\000n\000f\000a\000n\000c\000i\000a\000\040\000e\000n\000\040\000M\000\351\000x\000i\000c\000o\000\040\000\050\000R\000E\000D\000I\000M\000\051}{section.4.3}% 53
\BOOKMARK [2][-]{subsection.4.3.2}{\376\377\000E\000l\000\040\000M\000a\000p\000a\000\040\000d\000e\000\040\000l\000o\000s\000\040\000F\000e\000m\000i\000n\000i\000c\000i\000d\000i\000o\000s\000\040\000e\000n\000\040\000M\000\351\000x\000i\000c\000o}{section.4.3}% 54
\BOOKMARK [2][-]{subsection.4.3.3}{\376\377\000F\000u\000n\000d\000a\000c\000i\000\363\000n\000\040\000F\000u\000t\000u\000r\000o\000\040\000c\000o\000n\000\040\000D\000e\000r\000e\000c\000h\000o\000s}{section.4.3}% 55
\BOOKMARK [1][-]{section.4.4}{\376\377\000A\000n\000\341\000l\000i\000s\000i\000s\000\040\000c\000o\000m\000p\000a\000r\000a\000t\000i\000v\000o\000\040\000y\000\040\000b\000r\000e\000c\000h\000a\000\040\000i\000d\000e\000n\000t\000i\000f\000i\000c\000a\000d\000a}{chapter.4}% 56
\BOOKMARK [1][-]{section.4.5}{\376\377\000T\000\351\000c\000n\000i\000c\000a\000s\000\040\000d\000e\000\040\000e\000x\000t\000r\000a\000c\000c\000i\000\363\000n\000\040\000d\000e\000\040\000d\000a\000t\000o\000s}{chapter.4}% 57
\BOOKMARK [2][-]{subsection.4.5.1}{\376\377\000E\000x\000t\000r\000a\000c\000c\000i\000\363\000n\000\040\000E\000s\000t\000\341\000t\000i\000c\000a\000\040\000\050\000H\000T\000M\000L\000\040\000P\000a\000r\000s\000i\000n\000g\000\040\000c\000o\000n\000\040\000B\000e\000a\000u\000t\000i\000f\000u\000l\000S\000o\000u\000p\000\051}{section.4.5}% 58
\BOOKMARK [2][-]{subsection.4.5.2}{\376\377\000A\000u\000t\000o\000m\000a\000t\000i\000z\000a\000c\000i\000\363\000n\000\040\000d\000e\000\040\000N\000a\000v\000e\000g\000a\000d\000o\000r\000\040\000\050\000S\000e\000l\000e\000n\000i\000u\000m\000\040\000/\000\040\000P\000l\000a\000y\000w\000r\000i\000g\000h\000t\000\051}{section.4.5}% 59
\BOOKMARK [2][-]{subsection.4.5.3}{\376\377\000A\000g\000r\000e\000g\000a\000c\000i\000\363\000n\000\040\000E\000s\000t\000r\000u\000c\000t\000u\000r\000a\000d\000a\000\040\000\050\000R\000S\000S\000/\000A\000t\000o\000m\000\051\000\040\000y\000\040\000S\000t\000e\000a\000l\000t\000h\000\040\000S\000e\000s\000s\000i\000o\000n\000s}{section.4.5}% 60
\BOOKMARK [2][-]{subsection.4.5.4}{\376\377\000T\000a\000b\000l\000a\000\040\000C\000o\000m\000p\000a\000r\000a\000t\000i\000v\000a\000\040\000d\000e\000\040\000T\000\351\000c\000n\000i\000c\000a\000s\000\040\000d\000e\000\040\000E\000x\000t\000r\000a\000c\000c\000i\000\363\000n}{section.4.5}% 61
\BOOKMARK [1][-]{section.4.6}{\376\377\000E\000v\000o\000l\000u\000c\000i\000\363\000n\000\040\000d\000e\000l\000\040\000A\000l\000m\000a\000c\000e\000n\000a\000m\000i\000e\000n\000t\000o\000:\000\040\000d\000e\000\040\000A\000r\000c\000h\000i\000v\000o\000s\000\040\000P\000l\000a\000n\000o\000s\000\040\000a\000\040\000P\000o\000s\000t\000g\000r\000e\000S\000Q\000L}{chapter.4}% 62
\BOOKMARK [2][-]{subsection.4.6.1}{\376\377\000A\000r\000c\000h\000i\000v\000o\000s\000\040\000P\000l\000a\000n\000o\000s\000\040\000\050\000C\000S\000V\000\051\000:\000\040\000V\000e\000n\000t\000a\000j\000a\000s\000,\000\040\000L\000i\000m\000i\000t\000a\000c\000i\000o\000n\000e\000s\000\040\000y\000\040\000e\000l\000\040\000T\000e\000c\000h\000o\000\040\000d\000e\000l\000\040\000T\000T\0001}{section.4.6}% 63
\BOOKMARK [2][-]{subsection.4.6.2}{\376\377\000P\000o\000s\000t\000g\000r\000e\000S\000Q\000L\000\040\0001\0006\000:\000\040\000J\000u\000s\000t\000i\000f\000i\000c\000a\000c\000i\000\363\000n\000\040\000d\000e\000\040\000l\000a\000\040\000S\000e\000l\000e\000c\000c\000i\000\363\000n}{section.4.6}% 64
\BOOKMARK [1][-]{section.4.7}{\376\377\000E\000v\000o\000l\000u\000c\000i\000\363\000n\000\040\000d\000e\000\040\000l\000o\000s\000\040\000M\000o\000d\000e\000l\000o\000s\000\040\000d\000e\000\040\000R\000e\000p\000r\000e\000s\000e\000n\000t\000a\000c\000i\000\363\000n\000\040\000L\000i\000n\000g\000\374\000\355\000s\000t\000i\000c\000a\000\040\000p\000a\000r\000a\000\040\000N\000L\000P}{chapter.4}% 65
\BOOKMARK [2][-]{subsection.4.7.1}{\376\377\000R\000e\000p\000r\000e\000s\000e\000n\000t\000a\000c\000i\000o\000n\000e\000s\000\040\000V\000e\000c\000t\000o\000r\000i\000a\000l\000e\000s\000\040\000E\000s\000t\000\341\000t\000i\000c\000a\000s\000:\000\040\000W\000o\000r\000d\0002\000V\000e\000c\000\040\000y\000\040\000G\000l\000o\000V\000e}{section.4.7}% 66
\BOOKMARK [2][-]{subsection.4.7.2}{\376\377\000M\000o\000d\000e\000l\000o\000s\000\040\000R\000e\000c\000u\000r\000r\000e\000n\000t\000e\000s\000:\000\040\000L\000S\000T\000M\000\040\000y\000\040\000G\000R\000U}{section.4.7}% 67
\BOOKMARK [2][-]{subsection.4.7.3}{\376\377\000A\000r\000q\000u\000i\000t\000e\000c\000t\000u\000r\000a\000\040\000T\000r\000a\000n\000s\000f\000o\000r\000m\000e\000r\000\040\000y\000\040\000A\000t\000e\000n\000c\000i\000\363\000n\000\040\000B\000i\000d\000i\000r\000e\000c\000c\000i\000o\000n\000a\000l\000:\000\040\000B\000E\000R\000T}{section.4.7}% 68
\BOOKMARK [2][-]{subsection.4.7.4}{\376\377\000J\000u\000s\000t\000i\000f\000i\000c\000a\000c\000i\000\363\000n\000\040\000d\000e\000\040\000B\000E\000T\000O\000\040\000f\000r\000e\000n\000t\000e\000\040\000a\000\040\000M\000o\000d\000e\000l\000o\000s\000\040\000M\000u\000l\000t\000i\000l\000i\000n\000g\000\374\000e\000s\000\040\000\050\000m\000B\000E\000R\000T\000\051}{section.4.7}% 69
\BOOKMARK [2][-]{subsection.4.7.5}{\376\377\000E\000l\000\040\000L\000\355\000m\000i\000t\000e\000\040\000d\000e\000l\000\040\000Z\000e\000r\000o\000-\000S\000h\000o\000t\000\040\000y\000\040\000l\000a\000\040\000T\000r\000a\000n\000s\000i\000c\000i\000\363\000n\000\040\000a\000l\000\040\000F\000i\000n\000e\000-\000T\000u\000n\000i\000n\000g\000\040\000L\000o\000c\000a\000l}{section.4.7}% 70
\BOOKMARK [2][-]{subsection.4.7.6}{\376\377\000S\000o\000b\000e\000r\000a\000n\000\355\000a\000\040\000d\000e\000\040\000D\000a\000t\000o\000s\000\040\000y\000\040\000R\000e\000c\000h\000a\000z\000o\000\040\000d\000e\000\040\000A\000P\000I\000s\000\040\000P\000r\000i\000v\000a\000t\000i\000v\000a\000s}{section.4.7}% 71
\BOOKMARK [1][-]{section.4.8}{\376\377\000T\000\351\000c\000n\000i\000c\000a\000s\000\040\000d\000e\000\040\000A\000g\000r\000u\000p\000a\000m\000i\000e\000n\000t\000o\000\040\000S\000e\000m\000\341\000n\000t\000i\000c\000o\000\040\000y\000\040\000O\000r\000g\000a\000n\000i\000z\000a\000c\000i\000\363\000n\000\040\000T\000e\000m\000\341\000t\000i\000c\000a}{chapter.4}% 72
\BOOKMARK [2][-]{subsection.4.8.1}{\376\377\000M\000\351\000t\000o\000d\000o\000s\000\040\000T\000r\000a\000d\000i\000c\000i\000o\000n\000a\000l\000e\000s\000:\000\040\000K\000-\000M\000e\000a\000n\000s\000\040\000y\000\040\000s\000u\000\040\000I\000n\000a\000d\000e\000c\000u\000a\000c\000i\000\363\000n\000\040\000p\000a\000r\000a\000\040\000D\000a\000t\000o\000s\000\040\000d\000e\000\040\000A\000l\000t\000a\000\040\000D\000i\000m\000e\000n\000s\000i\000o\000n\000a\000l\000i\000d\000a\000d}{section.4.8}% 73
\BOOKMARK [2][-]{subsection.4.8.2}{\376\377\000D\000B\000S\000C\000A\000N\000:\000\040\000V\000e\000n\000t\000a\000j\000a\000s\000\040\000y\000\040\000L\000i\000m\000i\000t\000a\000c\000i\000o\000n\000e\000s\000\040\000R\000e\000s\000i\000d\000u\000a\000l\000e\000s}{section.4.8}% 74
\BOOKMARK [2][-]{subsection.4.8.3}{\376\377\000B\000E\000R\000T\000o\000p\000i\000c\000:\000\040\000A\000r\000q\000u\000i\000t\000e\000c\000t\000u\000r\000a\000\040\000M\000o\000d\000u\000l\000a\000r\000\040\000p\000a\000r\000a\000\040\000D\000e\000s\000c\000u\000b\000r\000i\000m\000i\000e\000n\000t\000o\000\040\000d\000e\000\040\000T\000\363\000p\000i\000c\000o\000s\000\040\000S\000e\000m\000\341\000n\000t\000i\000c\000o\000s}{section.4.8}% 75
\BOOKMARK [2][-]{subsection.4.8.4}{\376\377\000E\000v\000o\000l\000u\000c\000i\000\363\000n\000\040\000C\000o\000m\000p\000a\000r\000a\000t\000i\000v\000a\000\040\000T\000T\0001\000\040\000-\000>\000T\000T\0002\000:\000\040\000d\000e\000\040\000L\000\351\000x\000i\000c\000o\000\040\000a\000\040\000S\000e\000m\000\341\000n\000t\000i\000c\000a}{section.4.8}% 76
\BOOKMARK [1][-]{section.4.9}{\376\377\000C\000o\000n\000c\000l\000u\000s\000i\000\363\000n\000\040\000d\000e\000l\000\040\000C\000a\000p\000\355\000t\000u\000l\000o\000:\000\040\000L\000a\000\040\000C\000o\000n\000v\000e\000r\000g\000e\000n\000c\000i\000a\000\040\000T\000e\000c\000n\000o\000l\000\363\000g\000i\000c\000a\000\040\000a\000l\000\040\000S\000e\000r\000v\000i\000c\000i\000o\000\040\000d\000e\000\040\000l\000o\000s\000\040\000D\000e\000r\000e\000c\000h\000o\000s\000\040\000d\000e\000\040\000l\000a\000\040\000I\000n\000f\000a\000n\000c\000i\000a}{chapter.4}% 77
\BOOKMARK [0][-]{chapter.5}{\376\377\000M\000e\000t\000o\000d\000o\000l\000o\000g\000\355\000a\000\040\000d\000e\000\040\000d\000e\000s\000a\000r\000r\000o\000l\000l\000o}{}% 78
\BOOKMARK [1][-]{section.5.1}{\376\377\000M\000e\000t\000o\000d\000o\000l\000o\000g\000\355\000a\000\040\000d\000e\000\040\000d\000e\000s\000a\000r\000r\000o\000l\000l\000o\000\040\000e\000v\000o\000l\000u\000t\000i\000v\000o}{chapter.5}% 79
\BOOKMARK [2][-]{subsection.5.1.1}{\376\377\000C\000r\000o\000n\000o\000g\000r\000a\000m\000a\000\040\000g\000e\000n\000e\000r\000a\000l\000\040\000d\000e\000\040\000e\000v\000o\000l\000u\000c\000i\000\363\000n\000\040\000d\000e\000l\000\040\000p\000r\000o\000y\000e\000c\000t\000o}{section.5.1}% 80
\BOOKMARK [1][-]{section.5.2}{\376\377\000E\000v\000o\000l\000u\000c\000i\000\363\000n\000\040\000m\000e\000t\000o\000d\000o\000l\000\363\000g\000i\000c\000a\000\040\000d\000e\000\040\000l\000o\000s\000\040\000p\000r\000o\000t\000o\000t\000i\000p\000o\000s}{chapter.5}% 81
\BOOKMARK [2][-]{subsection.5.2.1}{\376\377\000F\000a\000s\000e\000\040\000T\000T\000-\0001\000\040\000P\000r\000o\000t\000o\000t\000i\000p\000o\000s\000\040\000e\000x\000p\000l\000o\000r\000a\000t\000o\000r\000i\000o\000s\000\040\000e\000\040\000i\000n\000g\000e\000s\000t\000a\000\040\000s\000i\000n\000t\000\341\000c\000t\000i\000c\000a\000\040\000\050\000P\0000\000-\000P\0002\000\051}{section.5.2}% 82
\BOOKMARK [2][-]{subsection.5.2.2}{\376\377\000F\000a\000s\000e\000\040\000T\000T\000-\0002\000\040\000A\000r\000q\000u\000i\000t\000e\000c\000t\000u\000r\000a\000\040\000d\000e\000\040\000a\000p\000r\000e\000n\000d\000i\000z\000a\000j\000e\000\040\000p\000r\000o\000f\000u\000n\000d\000o\000\040\000y\000\040\000c\000l\000a\000s\000i\000f\000i\000c\000a\000d\000o\000r\000\040\000e\000s\000c\000a\000l\000o\000n\000a\000d\000o\000\040\000\050\000P\0003\000-\000P\0004\000\051}{section.5.2}% 83
\BOOKMARK [1][-]{section.5.3}{\376\377\000E\000v\000o\000l\000u\000c\000i\000\363\000n\000\040\000d\000e\000l\000\040\000S\000t\000a\000c\000k\000\040\000T\000e\000c\000n\000o\000l\000\363\000g\000i\000c\000o\000\040\000\050\000T\000T\000-\0001\000\040\000-\000>\000T\000T\000-\0002\000\051}{chapter.5}% 84
\BOOKMARK [1][-]{section.5.4}{\376\377\000A\000r\000q\000u\000i\000t\000e\000c\000t\000u\000r\000a\000\040\000d\000e\000\040\000M\000i\000c\000r\000o\000s\000e\000r\000v\000i\000c\000i\000o\000s\000,\000\040\000C\000o\000n\000t\000e\000n\000e\000r\000i\000z\000a\000c\000i\000\363\000n\000\040\000y\000\040\000G\000e\000s\000t\000i\000\363\000n\000\040\000d\000e\000\040\000R\000e\000c\000u\000r\000s\000o\000s}{chapter.5}% 85
\BOOKMARK [2][-]{subsection.5.4.1}{\376\377\000C\000o\000n\000t\000e\000n\000e\000d\000o\000r\000\040\000d\000e\000\040\000b\000a\000s\000e\000\040\000d\000e\000\040\000d\000a\000t\000o\000s\000\040\000n\000n\000a\000-\000p\000o\000s\000t\000g\000r\000e\000s}{section.5.4}% 86
\BOOKMARK [2][-]{subsection.5.4.2}{\376\377\000C\000o\000n\000t\000e\000n\000e\000d\000o\000r\000\040\000d\000e\000l\000\040\000B\000a\000c\000k\000e\000n\000d\000\040\000n\000n\000a\000-\000a\000n\000a\000l\000y\000z\000e\000r}{section.5.4}% 87
\BOOKMARK [2][-]{subsection.5.4.3}{\376\377\000C\000o\000n\000t\000e\000n\000e\000d\000o\000r\000\040\000d\000e\000\040\000i\000n\000t\000e\000r\000f\000a\000z\000\040\000a\000n\000a\000l\000\355\000t\000i\000c\000a\000\040\000y\000\040\000d\000a\000s\000h\000b\000o\000a\000r\000d\000\040\000w\000e\000b\000\040\000n\000n\000a\000-\000w\000e\000b\000a\000p\000p}{section.5.4}% 88
\BOOKMARK [1][-]{section.5.5}{\376\377\000E\000s\000p\000e\000c\000i\000f\000i\000c\000a\000c\000i\000\363\000n\000\040\000d\000e\000\040\000r\000e\000q\000u\000e\000r\000i\000m\000i\000e\000n\000t\000o\000s}{chapter.5}% 89
\BOOKMARK [0][-]{chapter.6}{\376\377\000D\000e\000s\000a\000r\000r\000o\000l\000l\000o\000\040\000d\000e\000\040\000T\000r\000a\000b\000a\000j\000o\000\040\000T\000e\000r\000m\000i\000n\000a\000l\000\040\000I}{}% 90
\BOOKMARK [1][-]{section.6.1}{\376\377\000P\000r\000o\000t\000o\000t\000i\000p\000o\000\040\0000\000\040\000S\000c\000r\000a\000p\000i\000n\000g\000\040\000d\000i\000r\000e\000c\000t\000o\000\040\000s\000o\000b\000r\000e\000\040\000H\000T\000M\000L}{chapter.6}% 91
\BOOKMARK [2][-]{subsection.6.1.1}{\376\377\000P\000r\000e\000m\000i\000s\000a\000\040\000y\000\040\000e\000n\000f\000o\000q\000u\000e}{section.6.1}% 92
\BOOKMARK [2][-]{subsection.6.1.2}{\376\377\000R\000e\000s\000u\000l\000t\000a\000d\000o}{section.6.1}% 93
\BOOKMARK [2][-]{subsection.6.1.3}{\376\377\000D\000e\000c\000i\000s\000i\000\363\000n\000\040\000T\000\351\000c\000n\000i\000c\000a}{section.6.1}% 94
\BOOKMARK [1][-]{section.6.2}{\376\377\000P\000r\000o\000t\000o\000t\000i\000p\000o\000\040\0001\000\040\000R\000S\000S\000\040\000+\000\040\000K\000-\000M\000e\000a\000n\000s}{chapter.6}% 95
\BOOKMARK [2][-]{subsection.6.2.1}{\376\377\000A\000r\000q\000u\000i\000t\000e\000c\000t\000u\000r\000a\000\040\000i\000m\000p\000l\000e\000m\000e\000n\000t\000a\000d\000a}{section.6.2}% 96
\BOOKMARK [2][-]{subsection.6.2.2}{\376\377\000L\000i\000m\000i\000t\000a\000c\000i\000o\000n\000e\000s\000\040\000i\000d\000e\000n\000t\000i\000f\000i\000c\000a\000d\000a\000s}{section.6.2}% 97
\BOOKMARK [1][-]{section.6.3}{\376\377\000P\000r\000o\000t\000o\000t\000i\000p\000o\000\040\0002\000\040\000T\000r\000i\000p\000l\000e\000\040\000F\000u\000e\000n\000t\000e\000\040\000+\000\040\000D\000B\000S\000C\000A\000N\000\040\000+\000\040\000F\000e\000m\000i\000n\000i\000c\000i\000d\000e\000D\000e\000t\000e\000c\000t\000o\000r}{chapter.6}% 98
\BOOKMARK [2][-]{subsection.6.3.1}{\376\377\000E\000v\000o\000l\000u\000c\000i\000\363\000n\000\040\000d\000e\000l\000\040\000s\000i\000s\000t\000e\000m\000a}{section.6.3}% 99
\BOOKMARK [1][-]{section.6.4}{\376\377\000L\000i\000m\000i\000t\000a\000c\000i\000o\000n\000e\000s\000\040\000i\000d\000e\000n\000t\000i\000f\000i\000c\000a\000d\000a\000s}{chapter.6}% 100
\BOOKMARK [2][-]{subsection.6.4.1}{\376\377\000F\000a\000l\000s\000o\000s\000\040\000p\000o\000s\000i\000t\000i\000v\000o\000s}{section.6.4}% 101
\BOOKMARK [2][-]{subsection.6.4.2}{\376\377\000C\000l\000u\000s\000t\000e\000r\000i\000n\000g\000\040\000l\000\351\000x\000i\000c\000o}{section.6.4}% 102
\BOOKMARK [2][-]{subsection.6.4.3}{\376\377\000L\000a\000\040\000p\000o\000c\000a\000\040\000e\000s\000c\000a\000l\000a\000b\000i\000l\000i\000d\000a\000d\000\040\000d\000e\000l\000\040\000a\000l\000m\000a\000c\000e\000n\000a\000m\000i\000e\000n\000t\000o\000\040\000e\000n\000\040\000C\000S\000V}{section.6.4}% 103
\BOOKMARK [2][-]{subsection.6.4.4}{\376\377\000S\000\355\000n\000t\000e\000s\000i\000s}{section.6.4}% 104
\BOOKMARK [0][-]{chapter.7}{\376\377\000D\000e\000s\000a\000r\000r\000o\000l\000l\000o\000\040\000d\000e\000\040\000T\000r\000a\000b\000a\000j\000o\000\040\000T\000e\000r\000m\000i\000n\000a\000l\000\040\000I\000I}{}% 105
\BOOKMARK [1][-]{section.7.1}{\376\377\000C\000o\000n\000t\000e\000x\000t\000o\000:\000\040\000L\000i\000m\000i\000t\000a\000c\000i\000o\000n\000e\000s\000\040\000d\000e\000l\000\040\000P\000r\000o\000t\000o\000t\000i\000p\000o\000\040\0002}{chapter.7}% 106
\BOOKMARK [1][-]{section.7.2}{\376\377\000P\000a\000t\000r\000o\000n\000e\000s\000\040\000a\000r\000q\000u\000i\000t\000e\000c\000t\000\363\000n\000i\000c\000o\000s\000\040\000d\000e\000l\000\040\000f\000l\000u\000j\000o\000\040\000a\000n\000a\000l\000\355\000t\000i\000c\000o}{chapter.7}% 107
\BOOKMARK [2][-]{subsection.7.2.1}{\376\377\000P\000a\000t\000r\000\363\000n\000\040\000R\000e\000p\000o\000s\000i\000t\000o\000r\000y\000\040\000p\000a\000r\000a\000\040\000l\000a\000\040\000c\000a\000p\000a\000\040\000d\000e\000\040\000p\000e\000r\000s\000i\000s\000t\000e\000n\000c\000i\000a}{section.7.2}% 108
\BOOKMARK [2][-]{subsection.7.2.2}{\376\377\000P\000a\000t\000r\000\363\000n\000\040\000P\000i\000p\000e\000l\000i\000n\000e\000\040\000p\000a\000r\000a\000\040\000e\000l\000\040\000f\000l\000u\000j\000o\000\040\000a\000n\000a\000l\000\355\000t\000i\000c\000o}{section.7.2}% 109
\BOOKMARK [1][-]{section.7.3}{\376\377\000P\000r\000o\000t\000o\000t\000i\000p\000o\000\040\0003\000\040\000M\000o\000t\000o\000r\000\040\000s\000e\000m\000\341\000n\000t\000i\000c\000o\000\040\000B\000E\000T\000O\000\040\000y\000\040\000m\000i\000g\000r\000a\000c\000i\000\363\000n\000\040\000d\000e\000\040\000p\000e\000r\000s\000i\000s\000t\000e\000n\000c\000i\000a}{chapter.7}% 110
\BOOKMARK [2][-]{subsection.7.3.1}{\376\377\000M\000i\000g\000r\000a\000c\000i\000\363\000n\000\040\000d\000e\000\040\000C\000S\000V\000\040\000a\000\040\000P\000o\000s\000t\000g\000r\000e\000S\000Q\000L}{section.7.3}% 111
\BOOKMARK [2][-]{subsection.7.3.2}{\376\377\000A\000r\000q\000u\000i\000t\000e\000c\000t\000u\000r\000a\000\040\000d\000e\000l\000\040\000m\000o\000t\000o\000r\000\040\000B\000E\000T\000O}{section.7.3}% 112
\BOOKMARK [2][-]{subsection.7.3.3}{\376\377\000C\000l\000a\000s\000i\000f\000i\000c\000a\000c\000i\000\363\000n\000\040\000Z\000e\000r\000o\000-\000S\000h\000o\000t\000\040\000y\000\040\000T\000e\000m\000p\000e\000r\000a\000t\000u\000r\000e\000\040\000S\000c\000a\000l\000i\000n\000g}{section.7.3}% 113
\BOOKMARK [2][-]{subsection.7.3.4}{\376\377\000E\000v\000o\000l\000u\000c\000i\000\363\000n\000\040\000d\000e\000l\000\040\000r\000e\000c\000o\000l\000e\000c\000t\000o\000r}{section.7.3}% 114
\BOOKMARK [2][-]{subsection.7.3.5}{\376\377\000D\000e\000d\000u\000p\000l\000i\000c\000a\000c\000i\000\363\000n\000\040\000e\000n\000\040\000c\000a\000s\000c\000a\000d\000a\000\040\000d\000e\000\040\000c\000u\000a\000t\000r\000o\000\040\000f\000a\000s\000e\000s}{section.7.3}% 115
\BOOKMARK [1][-]{section.7.4}{\376\377\000P\000r\000o\000t\000o\000t\000i\000p\000o\000\040\0004\000\040\000A\000r\000q\000u\000i\000t\000e\000c\000t\000u\000r\000a\000\040\000h\000\355\000b\000r\000i\000d\000a\000\040\000d\000e\000\040\000c\000l\000a\000s\000i\000f\000i\000c\000a\000c\000i\000\363\000n}{chapter.7}% 116
\BOOKMARK [2][-]{subsection.7.4.1}{\376\377\000P\000o\000r\000\040\000q\000u\000\351\000\040\000l\000a\000\040\000I\000A\000\040\000s\000o\000l\000a\000\040\000n\000o\000\040\000b\000a\000s\000t\000a}{section.7.4}% 117
\BOOKMARK [2][-]{subsection.7.4.2}{\376\377\000I\000n\000v\000e\000s\000t\000i\000g\000a\000d\000o\000r\000\040\000p\000r\000o\000f\000u\000n\000d\000o}{section.7.4}% 118
\BOOKMARK [1][-]{section.7.5}{\376\377\000S\000i\000s\000t\000e\000m\000a\000\040\000d\000e\000\040\000c\000l\000a\000s\000i\000f\000i\000c\000a\000c\000i\000\363\000n\000\040\000e\000s\000c\000a\000l\000o\000n\000a\000d\000a}{chapter.7}% 119
\BOOKMARK [0][-]{chapter.8}{\376\377\000R\000e\000s\000u\000l\000t\000a\000d\000o\000s\000\040\000y\000\040\000E\000v\000a\000l\000u\000a\000c\000i\000\363\000n}{}% 120
\BOOKMARK [1][-]{section.8.1}{\376\377\000E\000v\000a\000l\000u\000a\000c\000i\000\363\000n\000\040\000d\000e\000\040\000l\000a\000\040\000R\000e\000c\000o\000l\000e\000c\000c\000i\000\363\000n\000\040\000\050\000V\000o\000l\000u\000m\000e\000n\000\040\000d\000e\000\040\000I\000n\000g\000e\000s\000t\000a\000\051}{chapter.8}% 121
\BOOKMARK [1][-]{section.8.2}{\376\377\000E\000v\000a\000l\000u\000a\000c\000i\000\363\000n\000\040\000d\000e\000\040\000l\000a\000\040\000D\000e\000t\000e\000c\000c\000i\000\363\000n\000\040\000S\000e\000m\000\341\000n\000t\000i\000c\000a\000\040\000\050\000F\000i\000l\000t\000r\000o\000\040\000d\000e\000l\000\040\000E\000m\000b\000u\000d\000o\000\051}{chapter.8}% 122
\BOOKMARK [1][-]{section.8.3}{\376\377\000E\000v\000a\000l\000u\000a\000c\000i\000\363\000n\000\040\000d\000e\000l\000\040\000A\000g\000r\000u\000p\000a\000m\000i\000e\000n\000t\000o\000\040\000\050\000B\000E\000R\000T\000o\000p\000i\000c\000\051}{chapter.8}% 123
\BOOKMARK [1][-]{section.8.4}{\376\377\000A\000n\000\341\000l\000i\000s\000i\000s\000\040\000d\000e\000\040\000l\000a\000\040\000I\000n\000t\000e\000r\000f\000a\000z\000\040\000\050\000U\000I\000/\000U\000X\000\051\000\040\000e\000\040\000I\000m\000p\000a\000c\000t\000o\000\040\000O\000p\000e\000r\000a\000t\000i\000v\000o}{chapter.8}% 124
\BOOKMARK [0][-]{chapter.9}{\376\377\000C\000o\000n\000c\000l\000u\000s\000i\000o\000n\000e\000s\000\040\000y\000\040\000t\000r\000a\000b\000a\000j\000o\000\040\000a\000\040\000f\000u\000t\000u\000r\000o}{}% 125
\BOOKMARK [1][-]{section.9.1}{\376\377\000C\000o\000n\000c\000l\000u\000s\000i\000\363\000n\000\040\000g\000e\000n\000e\000r\000a\000l\000\040\000y\000\040\000c\000u\000m\000p\000l\000i\000m\000i\000e\000n\000t\000o\000\040\000d\000e\000\040\000o\000b\000j\000e\000t\000i\000v\000o\000s}{chapter.9}% 126
\BOOKMARK [2][-]{subsection.9.1.1}{\376\377\000C\000u\000m\000p\000l\000i\000m\000i\000e\000n\000t\000o\000\040\000d\000e\000l\000\040\000O\000E\000-\0001\000:\000\040\000I\000d\000e\000n\000t\000i\000f\000i\000c\000a\000c\000i\000\363\000n\000\040\000d\000e\000\040\000F\000u\000e\000n\000t\000e\000s}{section.9.1}% 127
\BOOKMARK [2][-]{subsection.9.1.2}{\376\377\000C\000u\000m\000p\000l\000i\000m\000i\000e\000n\000t\000o\000\040\000d\000e\000l\000\040\000O\000E\000-\0002\000:\000\040\000M\000\363\000d\000u\000l\000o\000\040\000d\000e\000\040\000E\000x\000t\000r\000a\000c\000c\000i\000\363\000n\000\040\000d\000e\000\040\000D\000a\000t\000o\000s\000\040\000\050\000W\000e\000b\000\040\000S\000c\000r\000a\000p\000i\000n\000g\000\051}{section.9.1}% 128
\BOOKMARK [2][-]{subsection.9.1.3}{\376\377\000C\000u\000m\000p\000l\000i\000m\000i\000e\000n\000t\000o\000\040\000d\000e\000l\000\040\000O\000E\000-\0003\000:\000\040\000P\000r\000o\000c\000e\000s\000a\000m\000i\000e\000n\000t\000o\000\040\000d\000e\000\040\000L\000e\000n\000g\000u\000a\000j\000e\000\040\000N\000a\000t\000u\000r\000a\000l\000\040\000\050\000N\000L\000P\000\051}{section.9.1}% 129
\BOOKMARK [2][-]{subsection.9.1.4}{\376\377\000C\000u\000m\000p\000l\000i\000m\000i\000e\000n\000t\000o\000\040\000d\000e\000l\000\040\000O\000E\000-\0004\000:\000\040\000B\000a\000s\000e\000\040\000d\000e\000\040\000D\000a\000t\000o\000s\000\040\000y\000\040\000P\000l\000a\000t\000a\000f\000o\000r\000m\000a\000\040\000W\000e\000b\000\040\000\050\000D\000a\000s\000h\000b\000o\000a\000r\000d\000\051}{section.9.1}% 130
\BOOKMARK [1][-]{section.9.2}{\376\377\000E\000v\000o\000l\000u\000c\000i\000\363\000n\000\040\000d\000e\000l\000\040\000P\000r\000o\000t\000o\000t\000i\000p\000o\000\040\0000\000\040\000a\000l\000\040\000P\000r\000o\000t\000o\000t\000i\000p\000o\000\040\0004}{chapter.9}% 131
\BOOKMARK [1][-]{section.9.3}{\376\377\000A\000p\000o\000r\000t\000a\000c\000i\000o\000n\000e\000s\000\040\000T\000\351\000c\000n\000i\000c\000a\000s\000\040\000y\000\040\000S\000u\000p\000e\000r\000a\000c\000i\000\363\000n\000\040\000d\000e\000\040\000R\000e\000t\000o\000s\000\040\000C\000r\000\355\000t\000i\000c\000o\000s}{chapter.9}% 132
\BOOKMARK [2][-]{subsection.9.3.1}{\376\377\000S\000o\000l\000u\000c\000i\000\363\000n\000\040\000a\000l\000\040\000`\000`\000E\000f\000e\000c\000t\000o\000\040\000P\000\351\000n\000d\000u\000l\000o\000'\000'\000\040\000m\000e\000d\000i\000a\000n\000t\000e\000\040\000u\000n\000\040\000S\000i\000s\000t\000e\000m\000a\000\040\000d\000e\000\040\000C\000l\000a\000s\000i\000f\000i\000c\000a\000c\000i\000\363\000n\000\040\000E\000s\000c\000a\000l\000o\000n\000a\000d\000a}{section.9.3}% 133
\BOOKMARK [2][-]{subsection.9.3.2}{\376\377\000O\000p\000t\000i\000m\000i\000z\000a\000c\000i\000\363\000n\000\040\000p\000a\000r\000a\000\040\000F\000u\000n\000c\000i\000o\000n\000a\000r\000\040\000e\000n\000\040\000C\000o\000m\000p\000u\000t\000a\000d\000o\000r\000a\000s\000\040\000C\000o\000m\000u\000n\000e\000s\000\040\000\050\0008\000G\000B\000\040\000d\000e\000\040\000R\000A\000M\000\051}{section.9.3}% 134
\BOOKMARK [1][-]{section.9.4}{\376\377\000T\000r\000a\000b\000a\000j\000o\000\040\000F\000u\000t\000u\000r\000o\000\040\000\050\000L\000\355\000n\000e\000a\000s\000\040\000d\000e\000\040\000I\000n\000v\000e\000s\000t\000i\000g\000a\000c\000i\000\363\000n\000\040\000A\000b\000i\000e\000r\000t\000a\000s\000\051}{chapter.9}% 135
